[maestravienaco.magiablancaparaenamorar.com/index0f53.html]
[backblue.gif]
[fade.gif]
[index.html]
[maestravienaco.magiablancaparaenamorar.com/wp-content/plugins/happy-elementor-addons/assets/fonts/happy-icons.woff2]
[maestravienaco.magiablancaparaenamorar.com/wp-content/plugins/happy-elementor-addons/assets/fonts/happy-icons.woff]
[maestravienaco.magiablancaparaenamorar.com/wp-content/plugins/happy-elementor-addons/assets/fonts/happy-icons.svg]
[maestravienaco.magiablancaparaenamorar.com/wp-content/plugins/elementor/assets/lib/font-awesome/fonts/fontawesome-webfont3e6e.eot]
[maestravienaco.magiablancaparaenamorar.com/wp-content/plugins/elementor/assets/lib/font-awesome/fonts/fontawesome-webfontd41d.eot]
[maestravienaco.magiablancaparaenamorar.com/wp-content/plugins/elementor/assets/lib/font-awesome/fonts/fontawesome-webfont3e6e.woff2]
[maestravienaco.magiablancaparaenamorar.com/wp-content/plugins/elementor/assets/lib/font-awesome/fonts/fontawesome-webfont3e6e.woff]
[maestravienaco.magiablancaparaenamorar.com/wp-content/plugins/elementor/assets/lib/font-awesome/fonts/fontawesome-webfont3e6e.ttf]
[maestravienaco.magiablancaparaenamorar.com/wp-content/plugins/elementor/assets/lib/font-awesome/fonts/fontawesome-webfont3e6e.svg]
[maestravienaco.magiablancaparaenamorar.com/wp-content/uploads/2025/03/FONDO_BANNER.jpg]
[maestravienaco.magiablancaparaenamorar.com/wp-content/plugins/elementor/assets/mask-shapes/circle.svg]
[maestravienaco.magiablancaparaenamorar.com/index.html]
[maestravienaco.magiablancaparaenamorar.com/wp-content/uploads/2025/03/FONDO_TEXTURA.jpg]
[maestravienaco.magiablancaparaenamorar.com/wp-content/uploads/2025/03/raw-beef-brisket-on-dark-background-X5SFCGMa.jpg]
[maestravienaco.magiablancaparaenamorar.com/wp-content/uploads/2025/03/FONDO_BLQ5.jpg]
[maestravienaco.magiablancaparaenamorar.com/wp-content/cache/perfmatters/maestravienaco.magiablancaparaenamorar.com/fonts/6f3908edc22b.google-fonts.min.css]
[maestravienaco.magiablancaparaenamorar.com/wp-content/uploads/elementor/google-fonts/css/alumnisans9230.css]
[maestravienaco.magiablancaparaenamorar.com/wp-content/plugins/google-analytics-for-wordpress/assets/js/frontend-gtag.min07af.js]
[maestravienaco.magiablancaparaenamorar.com/wp-includes/js/jquery/jquery.minf43b.js]
[maestravienaco.magiablancaparaenamorar.com/wp-content/plugins/happy-elementor-addons/assets/vendor/dom-purify/purify.min005e.js]
[maestravienaco.magiablancaparaenamorar.com/wp-content/uploads/2025/03/cropped-FAVICON_VIENAcoL-32x32.png]
[maestravienaco.magiablancaparaenamorar.com/wp-content/uploads/2025/03/cropped-FAVICON_VIENAcoL-192x192.png]
[maestravienaco.magiablancaparaenamorar.com/wp-content/uploads/2025/03/cropped-FAVICON_VIENAcoL-180x180.png]
[maestravienaco.magiablancaparaenamorar.com/wp-content/uploads/2025/03/cropped-FAVICON_VIENAcoL707b.png]
[maestravienaco.magiablancaparaenamorar.com/wp-content/uploads/elementor/thumbs/MaViCo_IMGBANNER-r2f4tztl83sjd0trvuplwnny38yae6vffviqsjm36s.jpg]
[maestravienaco.magiablancaparaenamorar.com/wp-content/uploads/2025/03/MaViCo_imgBlq1.jpg]
[maestravienaco.magiablancaparaenamorar.com/wp-content/uploads/2025/03/MaViCo_imgServ1.jpg]
[maestravienaco.magiablancaparaenamorar.com/wp-content/uploads/2025/03/MaViCo_imgServ2.jpg]
[maestravienaco.magiablancaparaenamorar.com/wp-content/uploads/2025/03/MaViCo_imgServ3.jpg]
[maestravienaco.magiablancaparaenamorar.com/wp-content/uploads/2025/03/TESTIMONIO1-593x1024.jpg]
[maestravienaco.magiablancaparaenamorar.com/wp-content/uploads/2025/03/TESTIMONIO2-593x1024.jpg]
[maestravienaco.magiablancaparaenamorar.com/wp-content/uploads/2025/03/MaViCo_imgBlq5.jpg]
[maestravienaco.magiablancaparaenamorar.com/wp-content/plugins/elementor/assets/js/webpack.runtime.min4d16.js]
[maestravienaco.magiablancaparaenamorar.com/politica-de-privacidad/index.html]
[maestravienaco.magiablancaparaenamorar.com/wp-content/plugins/elementor/assets/js/frontend-modules.min4d16.js]
[maestravienaco.magiablancaparaenamorar.com/wp-includes/js/jquery/ui/core.minb37e.js]
[maestravienaco.magiablancaparaenamorar.com/wp-content/plugins/elementor/assets/js/frontend.min4d16.js]
[maestravienaco.magiablancaparaenamorar.com/wp-content/plugins/happy-elementor-addons/assets/js/happy-addons.minb645.js]
[maestravienaco.magiablancaparaenamorar.com/wp-content/plugins/creame-whatsapp-me/public/js/joinchat.min207c.js]
[maestravienaco.magiablancaparaenamorar.com/wp-content/plugins/perfmatters/js/lazyload.min16b9.js]
[maestravienaco.magiablancaparaenamorar.com/wp-content/plugins/elementor-pro/assets/js/webpack-pro.runtime.minc8a6.js]
[maestravienaco.magiablancaparaenamorar.com/wp-includes/js/dist/hooks.minaf5f.js]
[maestravienaco.magiablancaparaenamorar.com/wp-includes/js/dist/i18n.min1cde.js]
[maestravienaco.magiablancaparaenamorar.com/wp-content/plugins/elementor-pro/assets/js/frontend.minc8a6.js]
[maestravienaco.magiablancaparaenamorar.com/index0f53.html]
[maestravienaco.magiablancaparaenamorar.com/wp-content/plugins/happy-elementor-addons/assets/fonts/happy-icons.svg]
[maestravienaco.magiablancaparaenamorar.com/wp-content/plugins/elementor/assets/lib/font-awesome/fonts/fontawesome-webfont3e6e.svg]
[maestravienaco.magiablancaparaenamorar.com/wp-content/plugins/elementor-pro/assets/js/elements-handlers.minc8a6.js]
[maestravienaco.magiablancaparaenamorar.com/wp-content/cache/perfmatters/maestravienaco.magiablancaparaenamorar.com/fonts/0ecc8a87942c.google-fonts.min.css]
[maestravienaco.magiablancaparaenamorar.com/wp-content/plugins/wp-rocket/assets/img/youtube.png]
[maestravienaco.magiablancaparaenamorar.com/wp-content/cache/min/1/wp-content/uploads/elementor/google-fonts/css/alumnisans9a4b.css]
[maestravienaco.magiablancaparaenamorar.com/Firefox/index.html]
[maestravienaco.magiablancaparaenamorar.com/wp-content/uploads/2025/03/cropped-FAVICON_VIENAcoL0bff.png]
[maestravienaco.magiablancaparaenamorar.com/wp-content/plugins/wp-rocket/assets/js/lazyload/17.8.3/lazyload.min.js]
[maestravienaco.magiablancaparaenamorar.com/index.html]
[maestravienaco.magiablancaparaenamorar.com/wp-content/plugins/elementor/assets/mask-shapes/circle.svg]
[maestravienaco.magiablancaparaenamorar.com/wp-content/cache/perfmatters/maestravienaco.magiablancaparaenamorar.com/fonts/8vIJ7ww63mVu7gt7-GT7PkRXM8Xx.woff2]
[maestravienaco.magiablancaparaenamorar.com/wp-content/cache/perfmatters/maestravienaco.magiablancaparaenamorar.com/fonts/6f3908edc22b.google-fonts.min.css]
[maestravienaco.magiablancaparaenamorar.com/wp-content/uploads/elementor/google-fonts/fonts/alumnisans-nwpstkqkowdo2aoiwhwudg-g3wiazfrc.woff2]
[maestravienaco.magiablancaparaenamorar.com/wp-content/uploads/elementor/google-fonts/fonts/alumnisans-nwpstkqkowdo2aoiwhwudg-g3wsazfrc.woff2]
[maestravienaco.magiablancaparaenamorar.com/wp-content/uploads/elementor/google-fonts/fonts/alumnisans-nwpstkqkowdo2aoiwhwudg-g3waazfrc.woff2]
[maestravienaco.magiablancaparaenamorar.com/wp-content/uploads/elementor/google-fonts/fonts/alumnisans-nwpstkqkowdo2aoiwhwudg-g3weazfrc.woff2]
[maestravienaco.magiablancaparaenamorar.com/wp-content/uploads/elementor/google-fonts/fonts/alumnisans-nwpstkqkowdo2aoiwhwudg-g3w8azq.woff2]
[maestravienaco.magiablancaparaenamorar.com/wp-content/uploads/elementor/google-fonts/fonts/alumnisans-nwpqtkqkowdo2aoiwhwudg-o7w0cyq.woff2]
[maestravienaco.magiablancaparaenamorar.com/wp-content/uploads/elementor/google-fonts/fonts/alumnisans-nwpqtkqkowdo2aoiwhwudg-h7w0cyq.woff2]
[maestravienaco.magiablancaparaenamorar.com/wp-content/uploads/elementor/google-fonts/fonts/alumnisans-nwpqtkqkowdo2aoiwhwudg-q7w0cyq.woff2]
[maestravienaco.magiablancaparaenamorar.com/wp-content/uploads/elementor/google-fonts/fonts/alumnisans-nwpqtkqkowdo2aoiwhwudg-r7w0cyq.woff2]
[maestravienaco.magiablancaparaenamorar.com/wp-content/uploads/elementor/google-fonts/css/alumnisans9230.css]
[maestravienaco.magiablancaparaenamorar.com/wp-content/uploads/elementor/google-fonts/fonts/alumnisans-nwpqtkqkowdo2aoiwhwudg-l7w0.woff2]
[www.googletagmanager.com/gtm5445.html]
[maestravienaco.magiablancaparaenamorar.com/_data_image/svg+xml,_svg xmlns='http_/www.w3.org/2000/svg' preserveAspectRatio='xMidYMid meet' overfl/__/svg__.html]
[maestravienaco.magiablancaparaenamorar.com/wp-content/uploads/2025/03/cropped-FAVICON_VIENAcoL87ee.png]
[maestravienaco.magiablancaparaenamorar.com/politica-de-privacidad/index.html]
[maestravienaco.magiablancaparaenamorar.com/Firefox/index.html]
[maestravienaco.magiablancaparaenamorar.com/wp-content/cache/perfmatters/maestravienaco.magiablancaparaenamorar.com/fonts/0ecc8a87942c.google-fonts.min.css]
[maestravienaco.magiablancaparaenamorar.com/wp-content/cache/min/1/wp-content/uploads/elementor/google-fonts/css/alumnisans9a4b.css]
[i.ytimg.com/vi/ID/hqdefault.jpg]
[maestravienaco.magiablancaparaenamorar.com/wp-content/plugins/wp-rocket/assets/js/wpr-beacon.min.js]
[maestravienaco.magiablancaparaenamorar.com/politica-de-privacidad/Firefox/index.html]
[maestravienaco.magiablancaparaenamorar.com/politica-de-privacidad/Firefox/index.html]
